// Jest Snapshot v1, https://goo.gl/fbAQLP

exports[`rss-to-s3 should write RSS data to S3 1`] = `
"\\"title\\",\\"date\\"
\\"Covid: Nadhim Zahawi appointed as vaccine rollout minister\\",\\"2020-11-28\\"
\\"Covid: More than 150 arrests at London anti-lockdown protest\\",\\"2020-11-28\\"
\\"Covid in Scotland: Mass testing in communities to begin\\",\\"2020-11-29\\"
\\"'Imminent' UDA threats made against Sunday World journalists\\",\\"2020-11-28\\"
\\"Durham van traveller Esther Dingley missing in Pyrenees\\",\\"2020-11-28\\"
\\"Lake District National Park suspends trail hunting amid investigation\\",\\"2020-11-28\\"
\\"Channel crossings: More officers to patrol French beaches\\",\\"2020-11-28\\"
\\"Arcadia: Buyers to 'pick over carcass' of Topshop owner, says former boss\\",\\"2020-11-28\\"
\\"'When it's brutal in the Cairngorms, it can kill you'\\",\\"2020-11-29\\"
\\"Covid crisis hits Talyllyn and other steam railways\\",\\"2020-11-29\\"
\\"New apple variety discovered by runner\\",\\"2020-11-28\\"
\\"Covid: Newport care nurse returned to work but nearly died\\",\\"2020-11-29\\"
\\"Covid and schools: 'Children know things aren't right'\\",\\"2020-11-29\\"
\\"Liverpool: How one city took on the Covid-19 crisis\\",\\"2020-11-29\\"
\\"Travelling at Christmas: What you need to know\\",\\"2020-11-28\\"
\\"Covid-19: 'People have got clean on Zoom - that's amazing'\\",\\"2020-11-28\\"
\\"Covid: Has England's lockdown worked?\\",\\"2020-11-27\\"
\\"Covid: When does England's lockdown actually end? And other questions\\",\\"2020-11-27\\"
\\"Covid: New London garden to commemorate pandemic victims\\",\\"2020-11-27\\"
\\"Kate warns of lockdown loneliness for parents\\",\\"2020-11-27\\"
\\"Oxford Covid vaccine: Regulator asked to assess jab\\",\\"2020-11-27\\"
\\"Lockdown asylum freeze puts Iraqi doctor 'in limbo'\\",\\"2020-11-27\\"
\\"London Bridge attack: 'I think about it every single day'\\",\\"2020-11-29\\"
\\"Leroy Logan: Who is the Met Police officer in Steve McQueen's Red, White and Blue?\\",\\"2020-11-29\\"
\\"Gary Barlow: 'I'm not as confident as I was at 21'\\",\\"2020-11-29\\"
\\"The 'Robin Hood' policemen who stole from the Nazis\\",\\"2020-11-29\\"
\\"How green and profitable are e-scooters?\\",\\"2020-11-29\\"
\\"Sexual abuse: 'My boyfriend assaulted me and filmed it as I slept'\\",\\"2020-11-28\\"
\\"Nick Robinson: Let's give politicians a chance to speak human\\",\\"2020-11-28\\"
\\"Is it fair for learner drivers to get points on their licence?\\",\\"2020-11-28\\"
\\"TikTok: 'I didn’t know other LGBT Muslims existed'\\",\\"2020-11-29\\"
\\"'Gambling was as normal as breathing'\\",\\"2020-11-28\\"
\\"'Outstanding new teacher' Kirsty Gaythwaite on why she loves her job\\",\\"2020-11-28\\"
\\"Period poverty: The Belfast school breaking the taboo\\",\\"2020-11-28\\"
\\"Duchess of Cambridge report on early years children\\",\\"2020-11-27\\"
\\"Damilola Taylor: 'One of the last people to see him alive'\\",\\"2020-11-27\\"
\\"Newspaper headlines: Tory MPs' hospital anger, and PM 'in retreat'\\",\\"2020-11-28\\"
\\"Hospitals 'may be overwhelmed without new tiers'\\",\\"2020-11-28\\"
\\"Covid ICU: A reality check on the virus's second wave\\",\\"2020-11-28\\"
\\"Covid-19 vaccine: GPs in NI plan rollout for over 80s\\",\\"2020-11-28\\"
\\"Renewable energy: Swansea homes retrofitted with smart tech\\",\\"2020-11-29\\"
\\"Covid app 'sent me result of test I hadn't taken'\\",\\"2020-11-28\\""
`;
