// Jest Snapshot v1, https://goo.gl/fbAQLP

exports[`rss-to-s3 should write RSS data to S3 1`] = `
"\\"title\\",\\"link\\",\\"pubDate\\",\\"content\\",\\"contentSnippet\\",\\"guid\\",\\"isoDate\\"
\\"Covid: Nadhim Zahawi appointed as vaccine rollout minister\\",\\"https://www.bbc.co.uk/news/uk-55115037\\",\\"Sat, 28 Nov 2020 18:14:14 GMT\\",\\"Nadhim Zahawi will oversee distributing the vaccine in England until at least summer 2021.\\",\\"Nadhim Zahawi will oversee distributing the vaccine in England until at least summer 2021.\\",\\"https://www.bbc.co.uk/news/uk-55115037\\",\\"2020-11-28T18:14:14.000Z\\"
\\"Covid: More than 150 arrests at London anti-lockdown protest\\",\\"https://www.bbc.co.uk/news/uk-england-london-55116470\\",\\"Sat, 28 Nov 2020 22:39:59 GMT\\",\\"Police said they expected arrests to continue to rise following the protest in central London.\\",\\"Police said they expected arrests to continue to rise following the protest in central London.\\",\\"https://www.bbc.co.uk/news/uk-england-london-55116470\\",\\"2020-11-28T22:39:59.000Z\\""
`;
