// Jest Snapshot v1, https://goo.gl/fbAQLP

exports[`rss-to-s3 should write RSS data to S3 1`] = `
"\\"title\\",\\"timestamp\\"
\\"Covid: Nadhim Zahawi appointed as vaccine rollout minister\\",\\"2020-11-28T18:14:14.000Z\\"
\\"Covid: More than 150 arrests at London anti-lockdown protest\\",\\"2020-11-28T22:39:59.000Z\\"
\\"Covid in Scotland: Mass testing in communities to begin\\",\\"2020-11-29T00:36:49.000Z\\"
\\"'Imminent' UDA threats made against Sunday World journalists\\",\\"2020-11-28T20:16:12.000Z\\"
\\"Durham van traveller Esther Dingley missing in Pyrenees\\",\\"2020-11-28T23:51:33.000Z\\"
\\"Lake District National Park suspends trail hunting amid investigation\\",\\"2020-11-28T16:47:09.000Z\\"
\\"Channel crossings: More officers to patrol French beaches\\",\\"2020-11-28T19:56:36.000Z\\"
\\"Arcadia: Buyers to 'pick over carcass' of Topshop owner, says former boss\\",\\"2020-11-28T15:39:16.000Z\\"
\\"'When it's brutal in the Cairngorms, it can kill you'\\",\\"2020-11-29T00:41:23.000Z\\"
\\"Covid crisis hits Talyllyn and other steam railways\\",\\"2020-11-29T00:27:39.000Z\\"
\\"New apple variety discovered by runner\\",\\"2020-11-28T09:10:55.000Z\\"
\\"Covid: Newport care nurse returned to work but nearly died\\",\\"2020-11-29T00:22:36.000Z\\"
\\"Covid and schools: 'Children know things aren't right'\\",\\"2020-11-29T00:15:39.000Z\\"
\\"Liverpool: How one city took on the Covid-19 crisis\\",\\"2020-11-29T00:18:22.000Z\\"
\\"Travelling at Christmas: What you need to know\\",\\"2020-11-28T11:51:36.000Z\\"
\\"Covid-19: 'People have got clean on Zoom - that's amazing'\\",\\"2020-11-28T00:38:43.000Z\\"
\\"Covid: Has England's lockdown worked?\\",\\"2020-11-27T18:57:14.000Z\\"
\\"Covid: When does England's lockdown actually end? And other questions\\",\\"2020-11-27T14:27:03.000Z\\"
\\"Covid: New London garden to commemorate pandemic victims\\",\\"2020-11-27T11:51:30.000Z\\"
\\"Kate warns of lockdown loneliness for parents\\",\\"2020-11-27T14:34:33.000Z\\"
\\"Oxford Covid vaccine: Regulator asked to assess jab\\",\\"2020-11-27T12:03:49.000Z\\"
\\"Lockdown asylum freeze puts Iraqi doctor 'in limbo'\\",\\"2020-11-27T03:12:43.000Z\\"
\\"London Bridge attack: 'I think about it every single day'\\",\\"2020-11-29T00:14:27.000Z\\"
\\"Leroy Logan: Who is the Met Police officer in Steve McQueen's Red, White and Blue?\\",\\"2020-11-29T00:00:10.000Z\\"
\\"Gary Barlow: 'I'm not as confident as I was at 21'\\",\\"2020-11-29T00:17:17.000Z\\"
\\"The 'Robin Hood' policemen who stole from the Nazis\\",\\"2020-11-29T00:20:26.000Z\\"
\\"How green and profitable are e-scooters?\\",\\"2020-11-29T00:35:42.000Z\\"
\\"Sexual abuse: 'My boyfriend assaulted me and filmed it as I slept'\\",\\"2020-11-28T00:52:45.000Z\\"
\\"Nick Robinson: Let's give politicians a chance to speak human\\",\\"2020-11-28T00:40:34.000Z\\"
\\"Is it fair for learner drivers to get points on their licence?\\",\\"2020-11-28T01:01:16.000Z\\"
\\"TikTok: 'I didn’t know other LGBT Muslims existed'\\",\\"2020-11-29T00:01:00.000Z\\"
\\"'Gambling was as normal as breathing'\\",\\"2020-11-28T13:10:11.000Z\\"
\\"'Outstanding new teacher' Kirsty Gaythwaite on why she loves her job\\",\\"2020-11-28T11:33:26.000Z\\"
\\"Period poverty: The Belfast school breaking the taboo\\",\\"2020-11-28T06:26:21.000Z\\"
\\"Duchess of Cambridge report on early years children\\",\\"2020-11-27T00:00:37.000Z\\"
\\"Damilola Taylor: 'One of the last people to see him alive'\\",\\"2020-11-27T00:11:11.000Z\\"
\\"Newspaper headlines: Tory MPs' hospital anger, and PM 'in retreat'\\",\\"2020-11-28T23:30:04.000Z\\"
\\"Hospitals 'may be overwhelmed without new tiers'\\",\\"2020-11-28T16:19:50.000Z\\"
\\"Covid ICU: A reality check on the virus's second wave\\",\\"2020-11-28T00:16:39.000Z\\"
\\"Covid-19 vaccine: GPs in NI plan rollout for over 80s\\",\\"2020-11-28T14:44:02.000Z\\"
\\"Renewable energy: Swansea homes retrofitted with smart tech\\",\\"2020-11-29T00:30:41.000Z\\"
\\"Covid app 'sent me result of test I hadn't taken'\\",\\"2020-11-28T09:20:07.000Z\\""
`;
